// Jest Snapshot v1, https://goo.gl/fbAQLP

exports[`Error message renders correctly 1`] = `
<span
  className="test"
  style={
    Object {
      "color": "red",
      "display": "block",
      "paddingTop": "15px",
    }
  }
>
  <span>
    Something went wrong. Please try again later.
  </span>
  
</span>
`;
